Godot Engine v4.6.2.stable.official.71f334935 - https://godotengine.org

ERROR: McpInteractionServer: Failed to listen on port 9090, error: 22
   at: push_error (core/variant/variant_utility.cpp:1024)
   GDScript backtrace (most recent call first):
       [0] _ready (res://mcp_interaction_server.gd:24)
[Camera] 2.5D 固定视角摄像机就绪
[Grid2D] 生成 v12 开放世界地图 (100x56)...
[资源] 警告: 古树林 在区域 8 中仅放置 0/4
[资源] 警告: 魔力节点 在区域 8 中仅放置 0/1
[资源] 警告: 古木巨树 在区域 8 中仅放置 0/1
[资源] 警告: 远古符文碑 在区域 7 中仅放置 0/3
[资源] 警告: 星晶矿床 在区域 7 中仅放置 0/1
[资源] 警告: 世界树根脉 在区域 8 中仅放置 0/1

========== v12 开放世界地形统计 (100x56) ==========
  水域: 4012 格
  精灵·森林: 420 格
  精灵·林间草地: 71 格
  兽人·荒原: 304 格
  矮人·山地: 163 格
  矮人·平原: 315 格
  遗迹: 73 格
  巨龙高山: 105 格
  兽人·沼泽: 96 格
  通道: 37 格
  巨龙巢穴: 4 格

  --- 区域分布 ---
  无尽之海: 4004 格
  精灵领地: 442 格
  散落不可到达区: 66 格
  裂谷高原(缓冲区): 123 格
  兽人领地: 311 格
  巨龙山周围资源带: 175 格
  高山绝壁: 80 格
  翡翠林地(缓冲区): 46 格
  龙神峰: 4 格
  蜿蜒山径: 4 格
  矮人领地: 309 格
  灼热荒原(缓冲区): 36 格

  --- 汇总 ---
  阵营地形: 矮人 478 | 精灵 491 | 兽人 400
  山体合计: 88 格
  资源带: 175 格
  阵营领地合计: 1062 格
  缓冲区合计: 205 格
  陆地海洋: 4012 格
  不可到达(VOID+散落): 66 格
  渲染格数: 5600 / 5600
============================================

[Main] 项目启动 - Three Against One (2.5D)
[Main] 2.5D 游戏就绪
